[0m09:57:40.105779 [debug] [MainThread]: Sending event: {'category': 'dbt', 'action': 'invocation', 'label': 'start', 'context': [<snowplow_tracker.self_describing_json.SelfDescribingJson object at 0x7e1fc9acd2e0>, <snowplow_tracker.self_describing_json.SelfDescribingJson object at 0x7e1fca1e8470>, <snowplow_tracker.self_describing_json.SelfDescribingJson object at 0x7e1fc9acfd70>]}


============================== 09:57:40.111486 | 4b0aafa4-9a14-474b-89ae-a660a62be513 ==============================
[0m09:57:40.111486 [info ] [MainThread]: Running with dbt=1.9.4
[0m09:57:40.112483 [debug] [MainThread]: running dbt with arguments {'printer_width': '80', 'indirect_selection': 'eager', 'log_cache_events': 'False', 'write_json': 'True', 'partial_parse': 'True', 'cache_selected_only': 'False', 'warn_error': 'None', 'fail_fast': 'False', 'version_check': 'True', 'log_path': 'logs', 'profiles_dir': '/home/ubuntu/.dbt', 'debug': 'False', 'use_colors': 'True', 'use_experimental_parser': 'False', 'empty': 'None', 'quiet': 'False', 'no_print': 'None', 'log_format': 'default', 'static_parser': 'True', 'introspect': 'True', 'invocation_command': 'dbt init', 'target_path': 'None', 'warn_error_options': 'WarnErrorOptions(include=[], exclude=[])', 'send_anonymous_usage_stats': 'True'}
[0m09:57:40.127246 [warn ] [MainThread]: [ConfigFolderDirectory]: Unable to parse logging event dictionary. Failed to parse dir field: expected string or bytes-like object, got 'PosixPath'.. Dictionary: {'dir': PosixPath('/home/ubuntu/.dbt')}
[0m09:57:40.128040 [info ] [MainThread]: Creating dbt configuration folder at 
[0m09:57:45.681648 [debug] [MainThread]: Starter project path: /home/ubuntu/anaconda3/envs/dbt/lib/python3.12/site-packages/dbt/include/starter_project
[0m09:57:45.687149 [info ] [MainThread]: 
Your new dbt project "eth" was created!

For more information on how to configure the profiles.yml file,
please consult the dbt documentation here:

  https://docs.getdbt.com/docs/configure-your-profile

One more thing:

Need help? Don't hesitate to reach out to us via GitHub issues or on Slack:

  https://community.getdbt.com/

Happy modeling!

[0m09:57:45.688237 [info ] [MainThread]: Setting up your profile.
[0m10:02:38.315689 [info ] [MainThread]: Profile eth written to /home/ubuntu/.dbt/profiles.yml using target's profile_template.yml and your supplied values. Run 'dbt debug' to validate the connection.
[0m10:02:38.317563 [debug] [MainThread]: Resource report: {"command_name": "init", "command_success": true, "command_wall_clock_time": 298.29807, "process_in_blocks": "0", "process_kernel_time": 0.323508, "process_mem_max_rss": "122280", "process_out_blocks": "80", "process_user_time": 2.497454}
[0m10:02:38.318634 [debug] [MainThread]: Command `dbt init` succeeded at 10:02:38.318468 after 298.30 seconds
[0m10:02:38.319232 [debug] [MainThread]: Sending event: {'category': 'dbt', 'action': 'invocation', 'label': 'end', 'context': [<snowplow_tracker.self_describing_json.SelfDescribingJson object at 0x7e1fc87db170>, <snowplow_tracker.self_describing_json.SelfDescribingJson object at 0x7e1fc8170530>, <snowplow_tracker.self_describing_json.SelfDescribingJson object at 0x7e1fcaf65ac0>]}
[0m10:02:38.320087 [debug] [MainThread]: Flushing usage events
[0m10:02:38.684036 [debug] [MainThread]: An error was encountered while trying to flush usage events
[0m10:04:34.485949 [debug] [MainThread]: Sending event: {'category': 'dbt', 'action': 'invocation', 'label': 'start', 'context': [<snowplow_tracker.self_describing_json.SelfDescribingJson object at 0x7d306523a120>, <snowplow_tracker.self_describing_json.SelfDescribingJson object at 0x7d30653ceba0>, <snowplow_tracker.self_describing_json.SelfDescribingJson object at 0x7d30653ceb40>]}


============================== 10:04:34.492426 | 927696dd-e16b-4748-85cf-24905352db73 ==============================
[0m10:04:34.492426 [info ] [MainThread]: Running with dbt=1.9.4
[0m10:04:34.493615 [debug] [MainThread]: running dbt with arguments {'printer_width': '80', 'indirect_selection': 'eager', 'write_json': 'True', 'log_cache_events': 'False', 'partial_parse': 'True', 'cache_selected_only': 'False', 'warn_error': 'None', 'version_check': 'True', 'fail_fast': 'False', 'log_path': 'logs', 'debug': 'False', 'profiles_dir': '/home/ubuntu/.dbt', 'use_colors': 'True', 'use_experimental_parser': 'False', 'no_print': 'None', 'quiet': 'False', 'empty': 'None', 'log_format': 'default', 'introspect': 'True', 'warn_error_options': 'WarnErrorOptions(include=[], exclude=[])', 'static_parser': 'True', 'target_path': 'None', 'invocation_command': 'dbt debug', 'send_anonymous_usage_stats': 'True'}
[0m10:04:34.514144 [info ] [MainThread]: dbt version: 1.9.4
[0m10:04:34.514908 [info ] [MainThread]: python version: 3.12.13
[0m10:04:34.515550 [info ] [MainThread]: python path: /home/ubuntu/anaconda3/envs/dbt/bin/python3.12
[0m10:04:34.516192 [info ] [MainThread]: os info: Linux-6.17.0-1007-aws-x86_64-with-glibc2.39
[0m10:04:34.954995 [info ] [MainThread]: Using profiles dir at /home/ubuntu/.dbt
[0m10:04:34.955780 [info ] [MainThread]: Using profiles.yml file at /home/ubuntu/.dbt/profiles.yml
[0m10:04:34.956384 [info ] [MainThread]: Using dbt_project.yml file at /home/ubuntu/dbt/dbt_project.yml
[0m10:04:34.957200 [info ] [MainThread]: adapter type: snowflake
[0m10:04:34.957830 [info ] [MainThread]: adapter version: 1.9.4
[0m10:04:34.958459 [info ] [MainThread]: Configuration:
[0m10:04:34.958988 [info ] [MainThread]:   profiles.yml file [[32mOK found and valid[0m]
[0m10:04:34.959569 [info ] [MainThread]:   dbt_project.yml file [[31mERROR not found[0m]
[0m10:04:34.960142 [info ] [MainThread]: Required dependencies:
[0m10:04:34.960777 [debug] [MainThread]: Executing "git --help"
[0m10:04:34.965663 [debug] [MainThread]: STDOUT: "b"usage: git [-v | --version] [-h | --help] [-C <path>] [-c <name>=<value>]\n           [--exec-path[=<path>]] [--html-path] [--man-path] [--info-path]\n           [-p | --paginate | -P | --no-pager] [--no-replace-objects] [--bare]\n           [--git-dir=<path>] [--work-tree=<path>] [--namespace=<name>]\n           [--config-env=<name>=<envvar>] <command> [<args>]\n\nThese are common Git commands used in various situations:\n\nstart a working area (see also: git help tutorial)\n   clone     Clone a repository into a new directory\n   init      Create an empty Git repository or reinitialize an existing one\n\nwork on the current change (see also: git help everyday)\n   add       Add file contents to the index\n   mv        Move or rename a file, a directory, or a symlink\n   restore   Restore working tree files\n   rm        Remove files from the working tree and from the index\n\nexamine the history and state (see also: git help revisions)\n   bisect    Use binary search to find the commit that introduced a bug\n   diff      Show changes between commits, commit and working tree, etc\n   grep      Print lines matching a pattern\n   log       Show commit logs\n   show      Show various types of objects\n   status    Show the working tree status\n\ngrow, mark and tweak your common history\n   branch    List, create, or delete branches\n   commit    Record changes to the repository\n   merge     Join two or more development histories together\n   rebase    Reapply commits on top of another base tip\n   reset     Reset current HEAD to the specified state\n   switch    Switch branches\n   tag       Create, list, delete or verify a tag object signed with GPG\n\ncollaborate (see also: git help workflows)\n   fetch     Download objects and refs from another repository\n   pull      Fetch from and integrate with another repository or a local branch\n   push      Update remote refs along with associated objects\n\n'git help -a' and 'git help -g' list available subcommands and some\nconcept guides. See 'git help <command>' or 'git help <concept>'\nto read about a specific subcommand or concept.\nSee 'git help git' for an overview of the system.\n""
[0m10:04:34.966427 [debug] [MainThread]: STDERR: "b''"
[0m10:04:34.966921 [info ] [MainThread]:  - git [[32mOK found[0m]

[0m10:04:34.967512 [info ] [MainThread]: Connection:
[0m10:04:34.968150 [info ] [MainThread]:   account: WYMLHCX-JT18844
[0m10:04:34.968777 [info ] [MainThread]:   user: najibe
[0m10:04:34.969316 [info ] [MainThread]:   database: DBT
[0m10:04:34.969911 [info ] [MainThread]:   warehouse: compute_wh
[0m10:04:34.970492 [info ] [MainThread]:   role: ACCOUNTADMIN
[0m10:04:34.971039 [info ] [MainThread]:   schema: DBT_NAJIBE
[0m10:04:34.971616 [info ] [MainThread]:   authenticator: None
[0m10:04:34.972193 [info ] [MainThread]:   oauth_client_id: None
[0m10:04:34.973006 [info ] [MainThread]:   query_tag: None
[0m10:04:34.974604 [info ] [MainThread]:   client_session_keep_alive: False
[0m10:04:34.975183 [info ] [MainThread]:   host: None
[0m10:04:34.976895 [info ] [MainThread]:   port: None
[0m10:04:34.979797 [info ] [MainThread]:   proxy_host: None
[0m10:04:34.980439 [info ] [MainThread]:   proxy_port: None
[0m10:04:34.980981 [info ] [MainThread]:   protocol: None
[0m10:04:34.982716 [info ] [MainThread]:   connect_retries: 1
[0m10:04:34.984303 [info ] [MainThread]:   connect_timeout: None
[0m10:04:34.985352 [info ] [MainThread]:   retry_on_database_errors: False
[0m10:04:34.986178 [info ] [MainThread]:   retry_all: False
[0m10:04:34.987143 [info ] [MainThread]:   insecure_mode: False
[0m10:04:34.988030 [info ] [MainThread]:   reuse_connections: True
[0m10:04:34.989663 [info ] [MainThread]: Registered adapter: snowflake=1.9.4
[0m10:04:35.179362 [debug] [MainThread]: Acquiring new snowflake connection 'debug'
[0m10:04:35.215994 [debug] [MainThread]: Using snowflake connection "debug"
[0m10:04:35.216645 [debug] [MainThread]: On debug: select 1 as id
[0m10:04:35.217142 [debug] [MainThread]: Opening a new connection, currently in state init
[0m10:04:37.071753 [debug] [MainThread]: SQL status: SUCCESS 1 in 1.854 seconds
[0m10:04:37.073396 [info ] [MainThread]:   Connection test: [[32mOK connection ok[0m]

[0m10:04:37.074137 [info ] [MainThread]: [31m1 check failed:[0m
[0m10:04:37.074792 [info ] [MainThread]: Project loading failed for the following reason:
 project path </home/ubuntu/dbt/dbt_project.yml> not found

[0m10:04:37.076297 [debug] [MainThread]: Resource report: {"command_name": "debug", "command_success": false, "command_wall_clock_time": 2.6767008, "process_in_blocks": "16", "process_kernel_time": 0.513263, "process_mem_max_rss": "155584", "process_out_blocks": "7848", "process_user_time": 4.012556}
[0m10:04:37.077118 [debug] [MainThread]: Command `dbt debug` failed at 10:04:37.076951 after 2.68 seconds
[0m10:04:37.077707 [debug] [MainThread]: Connection 'debug' was left open.
[0m10:04:37.078213 [debug] [MainThread]: On debug: Close
[0m10:04:37.152725 [debug] [MainThread]: Sending event: {'category': 'dbt', 'action': 'invocation', 'label': 'end', 'context': [<snowplow_tracker.self_describing_json.SelfDescribingJson object at 0x7d3065aea840>, <snowplow_tracker.self_describing_json.SelfDescribingJson object at 0x7d3063f76300>, <snowplow_tracker.self_describing_json.SelfDescribingJson object at 0x7d3063107cb0>]}
[0m10:04:37.153549 [debug] [MainThread]: Flushing usage events
[0m10:04:37.507513 [debug] [MainThread]: An error was encountered while trying to flush usage events
[0m13:38:24.770161 [debug] [MainThread]: Sending event: {'category': 'dbt', 'action': 'invocation', 'label': 'start', 'context': [<snowplow_tracker.self_describing_json.SelfDescribingJson object at 0x797838a89c90>, <snowplow_tracker.self_describing_json.SelfDescribingJson object at 0x797838b897d0>, <snowplow_tracker.self_describing_json.SelfDescribingJson object at 0x797838ac9450>]}


============================== 13:38:24.777469 | f51abda1-9c0b-4124-a1ff-0ae7673f20f4 ==============================
[0m13:38:24.777469 [info ] [MainThread]: Running with dbt=1.9.4
[0m13:38:24.778547 [debug] [MainThread]: running dbt with arguments {'printer_width': '80', 'indirect_selection': 'eager', 'log_cache_events': 'False', 'write_json': 'True', 'partial_parse': 'True', 'cache_selected_only': 'False', 'warn_error': 'None', 'fail_fast': 'False', 'debug': 'False', 'log_path': 'logs', 'version_check': 'True', 'profiles_dir': '/home/ubuntu/.dbt', 'use_colors': 'True', 'use_experimental_parser': 'False', 'no_print': 'None', 'quiet': 'False', 'empty': 'None', 'log_format': 'default', 'invocation_command': 'dbt debug', 'static_parser': 'True', 'introspect': 'True', 'target_path': 'None', 'warn_error_options': 'WarnErrorOptions(include=[], exclude=[])', 'send_anonymous_usage_stats': 'True'}
[0m13:38:24.791403 [info ] [MainThread]: dbt version: 1.9.4
[0m13:38:24.792262 [info ] [MainThread]: python version: 3.11.16
[0m13:38:24.792932 [info ] [MainThread]: python path: /home/ubuntu/anaconda3/envs/dbt/bin/python3.11
[0m13:38:24.793523 [info ] [MainThread]: os info: Linux-7.0.0-1011-aws-x86_64-with-glibc2.39
[0m13:38:25.221488 [info ] [MainThread]: Using profiles dir at /home/ubuntu/.dbt
[0m13:38:25.222331 [info ] [MainThread]: Using profiles.yml file at /home/ubuntu/.dbt/profiles.yml
[0m13:38:25.223041 [info ] [MainThread]: Using dbt_project.yml file at /home/ubuntu/dbt/dbt_project.yml
[0m13:38:25.223932 [info ] [MainThread]: adapter type: snowflake
[0m13:38:25.224584 [info ] [MainThread]: adapter version: 1.9.4
[0m13:38:25.225321 [info ] [MainThread]: Configuration:
[0m13:38:25.226030 [info ] [MainThread]:   profiles.yml file [[32mOK found and valid[0m]
[0m13:38:25.226595 [info ] [MainThread]:   dbt_project.yml file [[31mERROR not found[0m]
[0m13:38:25.227192 [info ] [MainThread]: Required dependencies:
[0m13:38:25.227994 [debug] [MainThread]: Executing "git --help"
[0m13:38:25.231862 [debug] [MainThread]: STDOUT: "b"usage: git [-v | --version] [-h | --help] [-C <path>] [-c <name>=<value>]\n           [--exec-path[=<path>]] [--html-path] [--man-path] [--info-path]\n           [-p | --paginate | -P | --no-pager] [--no-replace-objects] [--bare]\n           [--git-dir=<path>] [--work-tree=<path>] [--namespace=<name>]\n           [--config-env=<name>=<envvar>] <command> [<args>]\n\nThese are common Git commands used in various situations:\n\nstart a working area (see also: git help tutorial)\n   clone     Clone a repository into a new directory\n   init      Create an empty Git repository or reinitialize an existing one\n\nwork on the current change (see also: git help everyday)\n   add       Add file contents to the index\n   mv        Move or rename a file, a directory, or a symlink\n   restore   Restore working tree files\n   rm        Remove files from the working tree and from the index\n\nexamine the history and state (see also: git help revisions)\n   bisect    Use binary search to find the commit that introduced a bug\n   diff      Show changes between commits, commit and working tree, etc\n   grep      Print lines matching a pattern\n   log       Show commit logs\n   show      Show various types of objects\n   status    Show the working tree status\n\ngrow, mark and tweak your common history\n   branch    List, create, or delete branches\n   commit    Record changes to the repository\n   merge     Join two or more development histories together\n   rebase    Reapply commits on top of another base tip\n   reset     Reset current HEAD to the specified state\n   switch    Switch branches\n   tag       Create, list, delete or verify a tag object signed with GPG\n\ncollaborate (see also: git help workflows)\n   fetch     Download objects and refs from another repository\n   pull      Fetch from and integrate with another repository or a local branch\n   push      Update remote refs along with associated objects\n\n'git help -a' and 'git help -g' list available subcommands and some\nconcept guides. See 'git help <command>' or 'git help <concept>'\nto read about a specific subcommand or concept.\nSee 'git help git' for an overview of the system.\n""
[0m13:38:25.232692 [debug] [MainThread]: STDERR: "b''"
[0m13:38:25.233578 [info ] [MainThread]:  - git [[32mOK found[0m]

[0m13:38:25.234258 [info ] [MainThread]: Connection:
[0m13:38:25.235983 [info ] [MainThread]:   account: WYMLHCX-JT18844
[0m13:38:25.236786 [info ] [MainThread]:   user: najibe
[0m13:38:25.237331 [info ] [MainThread]:   database: DBT
[0m13:38:25.237935 [info ] [MainThread]:   warehouse: compute_wh
[0m13:38:25.238497 [info ] [MainThread]:   role: ACCOUNTADMIN
[0m13:38:25.239089 [info ] [MainThread]:   schema: DBT_NAJIBE
[0m13:38:25.239747 [info ] [MainThread]:   authenticator: None
[0m13:38:25.240347 [info ] [MainThread]:   oauth_client_id: None
[0m13:38:25.241039 [info ] [MainThread]:   query_tag: None
[0m13:38:25.241755 [info ] [MainThread]:   client_session_keep_alive: False
[0m13:38:25.242366 [info ] [MainThread]:   host: None
[0m13:38:25.242978 [info ] [MainThread]:   port: None
[0m13:38:25.243780 [info ] [MainThread]:   proxy_host: None
[0m13:38:25.244389 [info ] [MainThread]:   proxy_port: None
[0m13:38:25.245110 [info ] [MainThread]:   protocol: None
[0m13:38:25.245742 [info ] [MainThread]:   connect_retries: 1
[0m13:38:25.246359 [info ] [MainThread]:   connect_timeout: None
[0m13:38:25.247032 [info ] [MainThread]:   retry_on_database_errors: False
[0m13:38:25.247688 [info ] [MainThread]:   retry_all: False
[0m13:38:25.248271 [info ] [MainThread]:   insecure_mode: False
[0m13:38:25.248846 [info ] [MainThread]:   reuse_connections: True
[0m13:38:25.249597 [info ] [MainThread]: Registered adapter: snowflake=1.9.4
[0m13:38:25.416372 [debug] [MainThread]: Acquiring new snowflake connection 'debug'
[0m13:38:25.539448 [debug] [MainThread]: Using snowflake connection "debug"
[0m13:38:25.540225 [debug] [MainThread]: On debug: select 1 as id
[0m13:38:25.540774 [debug] [MainThread]: Opening a new connection, currently in state init
[0m13:38:27.009948 [debug] [MainThread]: Snowflake adapter: Error running SQL: select 1 as id
[0m13:38:27.010737 [debug] [MainThread]: Snowflake adapter: Rolling back transaction.
[0m13:38:27.011470 [info ] [MainThread]:   Connection test: [[31mERROR[0m]

[0m13:38:27.012385 [info ] [MainThread]: [31m2 checks failed:[0m
[0m13:38:27.013046 [info ] [MainThread]: Project loading failed for the following reason:
 project path </home/ubuntu/dbt/dbt_project.yml> not found

[0m13:38:27.013758 [info ] [MainThread]: dbt was unable to connect to the specified database.
The database returned the following error:

  >Database Error
  250001 (08001): Failed to connect to DB: WYMLHCX-JT18844.snowflakecomputing.com:443. Your free trial has ended and all of your virtual warehouses have been suspended. Add billing information in the Snowflake web UI to continue using the full set of Snowflake features. [6b277ab3-5fc1-495b-b269-96c8798940de]

Check your database credentials and try again. For more information, visit:
https://docs.getdbt.com/docs/configure-your-profile


[0m13:38:27.015411 [debug] [MainThread]: Resource report: {"command_name": "debug", "command_success": false, "command_wall_clock_time": 2.3329682, "process_in_blocks": "4232", "process_kernel_time": 0.56093, "process_mem_max_rss": "156804", "process_out_blocks": "4928", "process_user_time": 3.737515}
[0m13:38:27.016630 [debug] [MainThread]: Command `dbt debug` failed at 13:38:27.016443 after 2.33 seconds
[0m13:38:27.017303 [debug] [MainThread]: Connection 'debug' was left open.
[0m13:38:27.018021 [debug] [MainThread]: On debug: No close available on handle
[0m13:38:27.018899 [debug] [MainThread]: Sending event: {'category': 'dbt', 'action': 'invocation', 'label': 'end', 'context': [<snowplow_tracker.self_describing_json.SelfDescribingJson object at 0x797835a13710>, <snowplow_tracker.self_describing_json.SelfDescribingJson object at 0x797834300710>, <snowplow_tracker.self_describing_json.SelfDescribingJson object at 0x797837349dd0>]}
[0m13:38:27.019785 [debug] [MainThread]: Flushing usage events
[0m13:38:27.380912 [debug] [MainThread]: An error was encountered while trying to flush usage events
